---
source: tests/cli/apply/traditional/up.rs
expression: out
snapshot_kind: text
---
-- Apply migration for AddAdminUser --


CREATE permission:create_post SET name = 'create_post';
CREATE permission:create_comment SET name = 'create_comment';

CREATE user:admin SET username = 'admin', email = 'admin@admin.fr', password = 'admin';
CREATE script_migration SET script_name = '[timestamp]_AddAdminUser';
-- Apply migration for AddPost --


CREATE post SET title = 'Hello world!', content = 'This is my first post!', author = user:admin;
CREATE script_migration SET script_name = '[timestamp]_AddPost';
-- Apply migration for CommentPost --


LET $post = (SELECT * FROM post LIMIT 1);

LET $comment = (RELATE user:admin->comment->$post SET content = "This is a comment on a post.");

RELATE user:admin->comment->$comment SET content = "This is a comment on a comment.";
CREATE script_migration SET script_name = '[timestamp]_CommentPost';
