---
source: tests/cli/apply/e2e.rs
expression: second_migration_definition.schemas.unwrap_or_default()
snapshot_kind: text
---
--- original
+++ modified
@@ -1,3 +1,7 @@
+DEFINE TABLE OVERWRITE category SCHEMALESS;
+
+DEFINE FIELD OVERWRITE name ON category TYPE string;
+DEFINE FIELD OVERWRITE created_at ON category TYPE datetime VALUE time::now() READONLY;
 DEFINE TABLE OVERWRITE comment SCHEMALESS
     TYPE RELATION IN user OUT post|comment
     PERMISSIONS
