---
source: tests/cli/list.rs
expression: stdout
snapshot_kind: text
---
Name         | Executed at | File name                          
--------------+-------------+------------------------------------
 AddAdminUser | just now    | [timestamp]_AddAdminUser.surql 
--------------+-------------+------------------------------------
 AddPost      | just now    | [timestamp]_AddPost.surql      
--------------+-------------+------------------------------------
 CommentPost  | just now    | [timestamp]_CommentPost.surql
